mode: set
eventmetrics/internal/domain/errors.go:12.38,14.2 1 1
eventmetrics/internal/domain/errors.go:16.37,18.2 1 1
eventmetrics/internal/domain/event.go:35.42,35.89 1 0
eventmetrics/internal/domain/event.go:38.40,41.2 2 1
eventmetrics/internal/domain/event.go:44.37,45.14 1 1
eventmetrics/internal/domain/event.go:45.14,47.3 1 1
eventmetrics/internal/domain/event.go:48.2,48.16 1 1
eventmetrics/internal/domain/event.go:48.16,50.3 1 1
eventmetrics/internal/domain/event.go:51.2,51.18 1 1
eventmetrics/internal/domain/event.go:51.18,53.3 1 0
eventmetrics/internal/domain/event.go:54.2,54.22 1 1
eventmetrics/internal/domain/event.go:54.22,56.3 1 1
eventmetrics/internal/domain/event.go:58.2,58.24 1 1
eventmetrics/internal/domain/event.go:58.24,60.3 1 1
eventmetrics/internal/domain/event.go:61.2,61.12 1 1
eventmetrics/internal/domain/event.go:66.41,67.15 1 1
eventmetrics/internal/domain/event.go:67.15,69.3 1 1
eventmetrics/internal/domain/event.go:70.2,70.11 1 1
eventmetrics/internal/domain/event.go:74.45,75.37 1 1
eventmetrics/internal/domain/event.go:75.37,77.3 1 0
eventmetrics/internal/domain/event.go:78.2,89.19 5 1
eventmetrics/internal/domain/event.go:89.19,90.46 1 1
eventmetrics/internal/domain/event.go:90.46,92.4 1 1
eventmetrics/internal/domain/event.go:93.3,93.50 1 1
eventmetrics/internal/domain/event.go:93.50,95.4 1 1
eventmetrics/internal/domain/event.go:96.3,96.34 1 1
eventmetrics/internal/domain/event.go:96.34,97.26 1 1
eventmetrics/internal/domain/event.go:98.23,99.26 1 1
eventmetrics/internal/domain/event.go:99.26,100.33 1 1
eventmetrics/internal/domain/event.go:100.33,102.7 1 1
eventmetrics/internal/domain/event.go:104.18,105.31 1 1
eventmetrics/internal/domain/event.go:110.2,111.16 2 1
eventmetrics/internal/domain/event.go:111.16,113.3 1 0
eventmetrics/internal/domain/event.go:114.2,115.16 2 1
eventmetrics/internal/domain/hash.go:15.117,22.16 4 1
eventmetrics/internal/domain/hash.go:22.16,24.3 1 0
eventmetrics/internal/domain/hash.go:27.2,33.25 5 1
eventmetrics/internal/domain/hash.go:33.25,35.3 1 1
eventmetrics/internal/domain/hash.go:36.2,36.35 1 1
eventmetrics/internal/domain/hash.go:41.51,42.23 1 1
eventmetrics/internal/domain/hash.go:43.11,44.29 1 1
eventmetrics/internal/domain/hash.go:45.30,48.20 2 1
eventmetrics/internal/domain/hash.go:48.20,50.4 1 1
eventmetrics/internal/domain/hash.go:51.3,53.26 3 1
eventmetrics/internal/domain/hash.go:53.26,55.18 2 1
eventmetrics/internal/domain/hash.go:55.18,57.5 1 0
eventmetrics/internal/domain/hash.go:59.4,60.60 2 1
eventmetrics/internal/domain/hash.go:62.3,62.59 1 1
eventmetrics/internal/domain/hash.go:63.21,65.23 2 1
eventmetrics/internal/domain/hash.go:65.23,67.18 2 1
eventmetrics/internal/domain/hash.go:67.18,69.5 1 0
eventmetrics/internal/domain/hash.go:70.4,70.36 1 1
eventmetrics/internal/domain/hash.go:72.3,72.59 1 1
eventmetrics/internal/domain/hash.go:73.10,75.25 1 1
eventmetrics/internal/domain/metrics.go:36.47,37.23 1 1
eventmetrics/internal/domain/metrics.go:37.23,39.3 1 1
eventmetrics/internal/domain/metrics.go:40.2,40.17 1 1
eventmetrics/internal/domain/metrics.go:40.17,42.3 1 1
eventmetrics/internal/domain/metrics.go:43.2,43.15 1 1
eventmetrics/internal/domain/metrics.go:43.15,45.3 1 0
eventmetrics/internal/domain/metrics.go:46.2,46.19 1 1
eventmetrics/internal/domain/metrics.go:46.19,48.3 1 1
eventmetrics/internal/domain/metrics.go:49.2,49.32 1 1
eventmetrics/internal/domain/metrics.go:49.32,51.3 1 1
eventmetrics/internal/domain/metrics.go:52.2,52.12 1 1
